2026-04-30 11:47:34 Error: [MissingActionException] Action AppController::webroot() could not be found.
Exception Attributes: array (
  'controller' => 'AppController',
  'action' => 'webroot',
)
Request URL: /cakephp/cakephp-blog/app/webroot/
Stack Trace:
#0 C:\laragon\www\cakephp\cakephp-blog\lib\Cake\Routing\Dispatcher.php(193): Controller->invokeAction(Object(CakeRequest))
#1 C:\laragon\www\cakephp\cakephp-blog\lib\Cake\Routing\Dispatcher.php(167): Dispatcher->_invoke(Object(AppController), Object(CakeRequest))
#2 C:\laragon\www\cakephp\cakephp-blog\app\webroot\index.php(115): Dispatcher->dispatch(Object(CakeRequest), Object(CakeResponse))
#3 {main}
2026-04-30 11:49:58 Error: [MissingConnectionException] Database connection "Mysql" is missing, or could not be created.
Exception Attributes: array (
  'class' => 'Mysql',
  'message' => 'SQLSTATE[HY000] [1049] Unknown database \'cake_blog_tutorial\'',
  'enabled' => true,
)
Request URL: /cakephp/cakephp-blog/users/login
Stack Trace:
#0 C:\laragon\www\cakephp\cakephp-blog\lib\Cake\Model\Datasource\DboSource.php(278): Mysql->connect()
#1 C:\laragon\www\cakephp\cakephp-blog\lib\Cake\Model\ConnectionManager.php(105): DboSource->__construct(Array)
#2 C:\laragon\www\cakephp\cakephp-blog\lib\Cake\Model\Model.php(3659): ConnectionManager::getDataSource('default')
#3 C:\laragon\www\cakephp\cakephp-blog\lib\Cake\Model\Model.php(1162): Model->setDataSource('default')
#4 C:\laragon\www\cakephp\cakephp-blog\lib\Cake\Model\Model.php(3686): Model->setSource('users')
#5 C:\laragon\www\cakephp\cakephp-blog\lib\Cake\Model\Model.php(1394): Model->getDataSource()
#6 C:\laragon\www\cakephp\cakephp-blog\lib\Cake\View\Helper\FormHelper.php(215): Model->schema()
#7 C:\laragon\www\cakephp\cakephp-blog\lib\Cake\View\Helper\FormHelper.php(480): FormHelper->_introspectModel('User', 'fields')
#8 C:\laragon\www\cakephp\cakephp-blog\app\View\Users\login.ctp(9): FormHelper->create('User')
#9 C:\laragon\www\cakephp\cakephp-blog\lib\Cake\View\View.php(971): include('C:\\laragon\\www\\...')
#10 C:\laragon\www\cakephp\cakephp-blog\lib\Cake\View\View.php(933): View->_evaluate('C:\\laragon\\www\\...', Array)
#11 C:\laragon\www\cakephp\cakephp-blog\lib\Cake\View\View.php(473): View->_render('C:\\laragon\\www\\...')
#12 C:\laragon\www\cakephp\cakephp-blog\lib\Cake\Controller\Controller.php(968): View->render(NULL, NULL)
#13 C:\laragon\www\cakephp\cakephp-blog\lib\Cake\Routing\Dispatcher.php(200): Controller->render()
#14 C:\laragon\www\cakephp\cakephp-blog\lib\Cake\Routing\Dispatcher.php(167): Dispatcher->_invoke(Object(UsersController), Object(CakeRequest))
#15 C:\laragon\www\cakephp\cakephp-blog\app\webroot\index.php(115): Dispatcher->dispatch(Object(CakeRequest), Object(CakeResponse))
#16 {main}
2026-04-30 11:50:10 Error: [MissingConnectionException] Database connection "Mysql" is missing, or could not be created.
Exception Attributes: array (
  'class' => 'Mysql',
  'message' => 'SQLSTATE[HY000] [1049] Unknown database \'cake_blog_tutorial\'',
  'enabled' => true,
)
Request URL: /cakephp/cakephp-blog/users/login
Stack Trace:
#0 C:\laragon\www\cakephp\cakephp-blog\lib\Cake\Model\Datasource\DboSource.php(278): Mysql->connect()
#1 C:\laragon\www\cakephp\cakephp-blog\lib\Cake\Model\ConnectionManager.php(105): DboSource->__construct(Array)
#2 C:\laragon\www\cakephp\cakephp-blog\lib\Cake\Model\Model.php(3659): ConnectionManager::getDataSource('default')
#3 C:\laragon\www\cakephp\cakephp-blog\lib\Cake\Model\Model.php(1162): Model->setDataSource('default')
#4 C:\laragon\www\cakephp\cakephp-blog\lib\Cake\Model\Model.php(3686): Model->setSource('users')
#5 C:\laragon\www\cakephp\cakephp-blog\lib\Cake\Model\Model.php(1394): Model->getDataSource()
#6 C:\laragon\www\cakephp\cakephp-blog\lib\Cake\View\Helper\FormHelper.php(215): Model->schema()
#7 C:\laragon\www\cakephp\cakephp-blog\lib\Cake\View\Helper\FormHelper.php(480): FormHelper->_introspectModel('User', 'fields')
#8 C:\laragon\www\cakephp\cakephp-blog\app\View\Users\login.ctp(9): FormHelper->create('User')
#9 C:\laragon\www\cakephp\cakephp-blog\lib\Cake\View\View.php(971): include('C:\\laragon\\www\\...')
#10 C:\laragon\www\cakephp\cakephp-blog\lib\Cake\View\View.php(933): View->_evaluate('C:\\laragon\\www\\...', Array)
#11 C:\laragon\www\cakephp\cakephp-blog\lib\Cake\View\View.php(473): View->_render('C:\\laragon\\www\\...')
#12 C:\laragon\www\cakephp\cakephp-blog\lib\Cake\Controller\Controller.php(968): View->render(NULL, NULL)
#13 C:\laragon\www\cakephp\cakephp-blog\lib\Cake\Routing\Dispatcher.php(200): Controller->render()
#14 C:\laragon\www\cakephp\cakephp-blog\lib\Cake\Routing\Dispatcher.php(167): Dispatcher->_invoke(Object(UsersController), Object(CakeRequest))
#15 C:\laragon\www\cakephp\cakephp-blog\app\webroot\index.php(115): Dispatcher->dispatch(Object(CakeRequest), Object(CakeResponse))
#16 {main}
2026-04-30 12:14:26 Error: [MissingTableException] Table users for model User was not found in datasource default.
Exception Attributes: array (
  'table' => 'users',
  'class' => 'User',
  'ds' => 'default',
)
Request URL: /cakephp/cakephp-blog/users/login
Stack Trace:
#0 C:\laragon\www\cakephp\cakephp-blog\lib\Cake\Model\Model.php(3686): Model->setSource('users')
#1 C:\laragon\www\cakephp\cakephp-blog\lib\Cake\Model\Model.php(1394): Model->getDataSource()
#2 C:\laragon\www\cakephp\cakephp-blog\lib\Cake\View\Helper\FormHelper.php(215): Model->schema()
#3 C:\laragon\www\cakephp\cakephp-blog\lib\Cake\View\Helper\FormHelper.php(480): FormHelper->_introspectModel('User', 'fields')
#4 C:\laragon\www\cakephp\cakephp-blog\app\View\Users\login.ctp(9): FormHelper->create('User')
#5 C:\laragon\www\cakephp\cakephp-blog\lib\Cake\View\View.php(971): include('C:\\laragon\\www\\...')
#6 C:\laragon\www\cakephp\cakephp-blog\lib\Cake\View\View.php(933): View->_evaluate('C:\\laragon\\www\\...', Array)
#7 C:\laragon\www\cakephp\cakephp-blog\lib\Cake\View\View.php(473): View->_render('C:\\laragon\\www\\...')
#8 C:\laragon\www\cakephp\cakephp-blog\lib\Cake\Controller\Controller.php(968): View->render(NULL, NULL)
#9 C:\laragon\www\cakephp\cakephp-blog\lib\Cake\Routing\Dispatcher.php(200): Controller->render()
#10 C:\laragon\www\cakephp\cakephp-blog\lib\Cake\Routing\Dispatcher.php(167): Dispatcher->_invoke(Object(UsersController), Object(CakeRequest))
#11 C:\laragon\www\cakephp\cakephp-blog\app\webroot\index.php(115): Dispatcher->dispatch(Object(CakeRequest), Object(CakeResponse))
#12 {main}
2026-04-30 12:33:27 Error: [MissingControllerException] Controller class HomeController could not be found.
Exception Attributes: array (
  'class' => 'HomeController',
  'plugin' => NULL,
)
Request URL: /cakephp/cakephp-blog/home
Stack Trace:
#0 C:\laragon\www\cakephp\cakephp-blog\app\webroot\index.php(115): Dispatcher->dispatch(Object(CakeRequest), Object(CakeResponse))
#1 {main}
2026-04-30 12:37:31 Error: [PDOException] SQLSTATE[42S22]: Column not found: 1054 Unknown column 'user_id' in 'where clause'
Request URL: /cakephp/cakephp-blog/posts/edit/1
Stack Trace:
#0 C:\laragon\www\cakephp\cakephp-blog\lib\Cake\Model\Datasource\DboSource.php(502): PDOStatement->execute(Array)
#1 C:\laragon\www\cakephp\cakephp-blog\lib\Cake\Model\Datasource\DboSource.php(468): DboSource->_execute('SELECT `Post`.`...', Array)
#2 C:\laragon\www\cakephp\cakephp-blog\lib\Cake\Model\Datasource\DboSource.php(715): DboSource->execute('SELECT `Post`.`...', Array, Array)
#3 C:\laragon\www\cakephp\cakephp-blog\lib\Cake\Model\Datasource\DboSource.php(1226): DboSource->fetchAll('SELECT `Post`.`...', Array)
#4 C:\laragon\www\cakephp\cakephp-blog\lib\Cake\Model\Model.php(3053): DboSource->read(Object(Post), Array)
#5 C:\laragon\www\cakephp\cakephp-blog\lib\Cake\Model\Model.php(3025): Model->_readDataSource('first', Array)
#6 C:\laragon\www\cakephp\cakephp-blog\lib\Cake\Model\Model.php(1666): Model->find('first', Array)
#7 C:\laragon\www\cakephp\cakephp-blog\app\Model\Post.php(26): Model->field('id', Array)
#8 C:\laragon\www\cakephp\cakephp-blog\app\Controller\PostsController.php(76): Post->isOwnedBy(1, 2)
#9 C:\laragon\www\cakephp\cakephp-blog\lib\Cake\Controller\Component\Auth\ControllerAuthorize.php(63): PostsController->isAuthorized(Array)
#10 C:\laragon\www\cakephp\cakephp-blog\lib\Cake\Controller\Component\AuthComponent.php(470): ControllerAuthorize->authorize(Array, Object(CakeRequest))
#11 C:\laragon\www\cakephp\cakephp-blog\lib\Cake\Controller\Component\AuthComponent.php(311): AuthComponent->isAuthorized(Array)
#12 C:\laragon\www\cakephp\cakephp-blog\lib\Cake\Utility\ObjectCollection.php(129): AuthComponent->startup(Object(PostsController))
#13 C:\laragon\www\cakephp\cakephp-blog\lib\Cake\Event\CakeEventManager.php(244): ObjectCollection->trigger('startup')
#14 C:\laragon\www\cakephp\cakephp-blog\lib\Cake\Controller\Controller.php(683): CakeEventManager->dispatch(Object(CakeEvent))
#15 C:\laragon\www\cakephp\cakephp-blog\lib\Cake\Routing\Dispatcher.php(189): Controller->startupProcess()
#16 C:\laragon\www\cakephp\cakephp-blog\lib\Cake\Routing\Dispatcher.php(167): Dispatcher->_invoke(Object(PostsController), Object(CakeRequest))
#17 C:\laragon\www\cakephp\cakephp-blog\app\webroot\index.php(115): Dispatcher->dispatch(Object(CakeRequest), Object(CakeResponse))
#18 {main}
2026-05-05 14:03:33 Error: [MissingConnectionException] Database connection "Mysql" is missing, or could not be created.
Exception Attributes: array (
  'class' => 'Mysql',
  'message' => 'SQLSTATE[HY000] [1045] Access denied for user \'root\'@\'localhost\' (using password: NO)',
  'enabled' => true,
)
Request URL: /cakephp-blog/users/login
Stack Trace:
#0 C:\xampp\htdocs\cakephp-blog\lib\Cake\Model\Datasource\DboSource.php(278): Mysql->connect()
#1 C:\xampp\htdocs\cakephp-blog\lib\Cake\Model\ConnectionManager.php(105): DboSource->__construct(Array)
#2 C:\xampp\htdocs\cakephp-blog\lib\Cake\Model\Model.php(3659): ConnectionManager::getDataSource('default')
#3 C:\xampp\htdocs\cakephp-blog\lib\Cake\Model\Model.php(1162): Model->setDataSource('default')
#4 C:\xampp\htdocs\cakephp-blog\lib\Cake\Model\Model.php(3686): Model->setSource('users')
#5 C:\xampp\htdocs\cakephp-blog\lib\Cake\Model\Model.php(1394): Model->getDataSource()
#6 C:\xampp\htdocs\cakephp-blog\lib\Cake\View\Helper\FormHelper.php(215): Model->schema()
#7 C:\xampp\htdocs\cakephp-blog\lib\Cake\View\Helper\FormHelper.php(480): FormHelper->_introspectModel('User', 'fields')
#8 C:\xampp\htdocs\cakephp-blog\app\View\Users\login.ctp(9): FormHelper->create('User')
#9 C:\xampp\htdocs\cakephp-blog\lib\Cake\View\View.php(971): include('C:\\xampp\\htdocs...')
#10 C:\xampp\htdocs\cakephp-blog\lib\Cake\View\View.php(933): View->_evaluate('C:\\xampp\\htdocs...', Array)
#11 C:\xampp\htdocs\cakephp-blog\lib\Cake\View\View.php(473): View->_render('C:\\xampp\\htdocs...')
#12 C:\xampp\htdocs\cakephp-blog\lib\Cake\Controller\Controller.php(968): View->render(NULL, NULL)
#13 C:\xampp\htdocs\cakephp-blog\lib\Cake\Routing\Dispatcher.php(200): Controller->render()
#14 C:\xampp\htdocs\cakephp-blog\lib\Cake\Routing\Dispatcher.php(167): Dispatcher->_invoke(Object(UsersController), Object(CakeRequest))
#15 C:\xampp\htdocs\cakephp-blog\app\webroot\index.php(115): Dispatcher->dispatch(Object(CakeRequest), Object(CakeResponse))
#16 {main}
2026-05-05 14:03:45 Error: [MissingConnectionException] Database connection "Mysql" is missing, or could not be created.
Exception Attributes: array (
  'class' => 'Mysql',
  'message' => 'SQLSTATE[HY000] [1045] Access denied for user \'root\'@\'localhost\' (using password: NO)',
  'enabled' => true,
)
Request URL: /cakephp-blog/users/login
Stack Trace:
#0 C:\xampp\htdocs\cakephp-blog\lib\Cake\Model\Datasource\DboSource.php(278): Mysql->connect()
#1 C:\xampp\htdocs\cakephp-blog\lib\Cake\Model\ConnectionManager.php(105): DboSource->__construct(Array)
#2 C:\xampp\htdocs\cakephp-blog\lib\Cake\Model\Model.php(3659): ConnectionManager::getDataSource('default')
#3 C:\xampp\htdocs\cakephp-blog\lib\Cake\Model\Model.php(1162): Model->setDataSource('default')
#4 C:\xampp\htdocs\cakephp-blog\lib\Cake\Model\Model.php(3686): Model->setSource('users')
#5 C:\xampp\htdocs\cakephp-blog\lib\Cake\Model\Model.php(1394): Model->getDataSource()
#6 C:\xampp\htdocs\cakephp-blog\lib\Cake\View\Helper\FormHelper.php(215): Model->schema()
#7 C:\xampp\htdocs\cakephp-blog\lib\Cake\View\Helper\FormHelper.php(480): FormHelper->_introspectModel('User', 'fields')
#8 C:\xampp\htdocs\cakephp-blog\app\View\Users\login.ctp(9): FormHelper->create('User')
#9 C:\xampp\htdocs\cakephp-blog\lib\Cake\View\View.php(971): include('C:\\xampp\\htdocs...')
#10 C:\xampp\htdocs\cakephp-blog\lib\Cake\View\View.php(933): View->_evaluate('C:\\xampp\\htdocs...', Array)
#11 C:\xampp\htdocs\cakephp-blog\lib\Cake\View\View.php(473): View->_render('C:\\xampp\\htdocs...')
#12 C:\xampp\htdocs\cakephp-blog\lib\Cake\Controller\Controller.php(968): View->render(NULL, NULL)
#13 C:\xampp\htdocs\cakephp-blog\lib\Cake\Routing\Dispatcher.php(200): Controller->render()
#14 C:\xampp\htdocs\cakephp-blog\lib\Cake\Routing\Dispatcher.php(167): Dispatcher->_invoke(Object(UsersController), Object(CakeRequest))
#15 C:\xampp\htdocs\cakephp-blog\app\webroot\index.php(115): Dispatcher->dispatch(Object(CakeRequest), Object(CakeResponse))
#16 {main}
2026-05-05 14:03:46 Error: [MissingControllerException] Controller class MedicosController could not be found.
Exception Attributes: array (
  'class' => 'MedicosController',
  'plugin' => NULL,
)
Request URL: /cakephp-blog/medicos
Stack Trace:
#0 C:\xampp\htdocs\cakephp-blog\app\webroot\index.php(115): Dispatcher->dispatch(Object(CakeRequest), Object(CakeResponse))
#1 {main}
2026-05-05 14:03:47 Error: [MissingConnectionException] Database connection "Mysql" is missing, or could not be created.
Exception Attributes: array (
  'class' => 'Mysql',
  'message' => 'SQLSTATE[HY000] [1045] Access denied for user \'root\'@\'localhost\' (using password: NO)',
  'enabled' => true,
)
Request URL: /cakephp-blog/users/login
Stack Trace:
#0 C:\xampp\htdocs\cakephp-blog\lib\Cake\Model\Datasource\DboSource.php(278): Mysql->connect()
#1 C:\xampp\htdocs\cakephp-blog\lib\Cake\Model\ConnectionManager.php(105): DboSource->__construct(Array)
#2 C:\xampp\htdocs\cakephp-blog\lib\Cake\Model\Model.php(3659): ConnectionManager::getDataSource('default')
#3 C:\xampp\htdocs\cakephp-blog\lib\Cake\Model\Model.php(1162): Model->setDataSource('default')
#4 C:\xampp\htdocs\cakephp-blog\lib\Cake\Model\Model.php(3686): Model->setSource('users')
#5 C:\xampp\htdocs\cakephp-blog\lib\Cake\Model\Model.php(1394): Model->getDataSource()
#6 C:\xampp\htdocs\cakephp-blog\lib\Cake\View\Helper\FormHelper.php(215): Model->schema()
#7 C:\xampp\htdocs\cakephp-blog\lib\Cake\View\Helper\FormHelper.php(480): FormHelper->_introspectModel('User', 'fields')
#8 C:\xampp\htdocs\cakephp-blog\app\View\Users\login.ctp(9): FormHelper->create('User')
#9 C:\xampp\htdocs\cakephp-blog\lib\Cake\View\View.php(971): include('C:\\xampp\\htdocs...')
#10 C:\xampp\htdocs\cakephp-blog\lib\Cake\View\View.php(933): View->_evaluate('C:\\xampp\\htdocs...', Array)
#11 C:\xampp\htdocs\cakephp-blog\lib\Cake\View\View.php(473): View->_render('C:\\xampp\\htdocs...')
#12 C:\xampp\htdocs\cakephp-blog\lib\Cake\Controller\Controller.php(968): View->render(NULL, NULL)
#13 C:\xampp\htdocs\cakephp-blog\lib\Cake\Routing\Dispatcher.php(200): Controller->render()
#14 C:\xampp\htdocs\cakephp-blog\lib\Cake\Routing\Dispatcher.php(167): Dispatcher->_invoke(Object(UsersController), Object(CakeRequest))
#15 C:\xampp\htdocs\cakephp-blog\app\webroot\index.php(115): Dispatcher->dispatch(Object(CakeRequest), Object(CakeResponse))
#16 {main}
2026-05-05 14:05:36 Error: [MissingConnectionException] Database connection "Mysql" is missing, or could not be created.
Exception Attributes: array (
  'class' => 'Mysql',
  'message' => 'SQLSTATE[HY000] [1045] Access denied for user \'root\'@\'localhost\' (using password: NO)',
  'enabled' => true,
)
Request URL: /cakephp-blog/users/login
Stack Trace:
#0 C:\xampp\htdocs\cakephp-blog\lib\Cake\Model\Datasource\DboSource.php(278): Mysql->connect()
#1 C:\xampp\htdocs\cakephp-blog\lib\Cake\Model\ConnectionManager.php(105): DboSource->__construct(Array)
#2 C:\xampp\htdocs\cakephp-blog\lib\Cake\Model\Model.php(3659): ConnectionManager::getDataSource('default')
#3 C:\xampp\htdocs\cakephp-blog\lib\Cake\Model\Model.php(1162): Model->setDataSource('default')
#4 C:\xampp\htdocs\cakephp-blog\lib\Cake\Model\Model.php(3686): Model->setSource('users')
#5 C:\xampp\htdocs\cakephp-blog\lib\Cake\Model\Model.php(1394): Model->getDataSource()
#6 C:\xampp\htdocs\cakephp-blog\lib\Cake\View\Helper\FormHelper.php(215): Model->schema()
#7 C:\xampp\htdocs\cakephp-blog\lib\Cake\View\Helper\FormHelper.php(480): FormHelper->_introspectModel('User', 'fields')
#8 C:\xampp\htdocs\cakephp-blog\app\View\Users\login.ctp(9): FormHelper->create('User')
#9 C:\xampp\htdocs\cakephp-blog\lib\Cake\View\View.php(971): include('C:\\xampp\\htdocs...')
#10 C:\xampp\htdocs\cakephp-blog\lib\Cake\View\View.php(933): View->_evaluate('C:\\xampp\\htdocs...', Array)
#11 C:\xampp\htdocs\cakephp-blog\lib\Cake\View\View.php(473): View->_render('C:\\xampp\\htdocs...')
#12 C:\xampp\htdocs\cakephp-blog\lib\Cake\Controller\Controller.php(968): View->render(NULL, NULL)
#13 C:\xampp\htdocs\cakephp-blog\lib\Cake\Routing\Dispatcher.php(200): Controller->render()
#14 C:\xampp\htdocs\cakephp-blog\lib\Cake\Routing\Dispatcher.php(167): Dispatcher->_invoke(Object(UsersController), Object(CakeRequest))
#15 C:\xampp\htdocs\cakephp-blog\app\webroot\index.php(115): Dispatcher->dispatch(Object(CakeRequest), Object(CakeResponse))
#16 {main}
2026-05-05 14:06:37 Error: [MissingConnectionException] Database connection "Mysql" is missing, or could not be created.
Exception Attributes: array (
  'class' => 'Mysql',
  'message' => 'SQLSTATE[HY000] [1045] Access denied for user \'root\'@\'localhost\' (using password: NO)',
  'enabled' => true,
)
Request URL: /cakephp-blog/users/login
Stack Trace:
#0 C:\xampp\htdocs\cakephp-blog\lib\Cake\Model\Datasource\DboSource.php(278): Mysql->connect()
#1 C:\xampp\htdocs\cakephp-blog\lib\Cake\Model\ConnectionManager.php(105): DboSource->__construct(Array)
#2 C:\xampp\htdocs\cakephp-blog\lib\Cake\Model\Model.php(3659): ConnectionManager::getDataSource('default')
#3 C:\xampp\htdocs\cakephp-blog\lib\Cake\Model\Model.php(1162): Model->setDataSource('default')
#4 C:\xampp\htdocs\cakephp-blog\lib\Cake\Model\Model.php(3686): Model->setSource('users')
#5 C:\xampp\htdocs\cakephp-blog\lib\Cake\Model\Model.php(1394): Model->getDataSource()
#6 C:\xampp\htdocs\cakephp-blog\lib\Cake\View\Helper\FormHelper.php(215): Model->schema()
#7 C:\xampp\htdocs\cakephp-blog\lib\Cake\View\Helper\FormHelper.php(480): FormHelper->_introspectModel('User', 'fields')
#8 C:\xampp\htdocs\cakephp-blog\app\View\Users\login.ctp(9): FormHelper->create('User')
#9 C:\xampp\htdocs\cakephp-blog\lib\Cake\View\View.php(971): include('C:\\xampp\\htdocs...')
#10 C:\xampp\htdocs\cakephp-blog\lib\Cake\View\View.php(933): View->_evaluate('C:\\xampp\\htdocs...', Array)
#11 C:\xampp\htdocs\cakephp-blog\lib\Cake\View\View.php(473): View->_render('C:\\xampp\\htdocs...')
#12 C:\xampp\htdocs\cakephp-blog\lib\Cake\Controller\Controller.php(968): View->render(NULL, NULL)
#13 C:\xampp\htdocs\cakephp-blog\lib\Cake\Routing\Dispatcher.php(200): Controller->render()
#14 C:\xampp\htdocs\cakephp-blog\lib\Cake\Routing\Dispatcher.php(167): Dispatcher->_invoke(Object(UsersController), Object(CakeRequest))
#15 C:\xampp\htdocs\cakephp-blog\app\webroot\index.php(115): Dispatcher->dispatch(Object(CakeRequest), Object(CakeResponse))
#16 {main}
2026-05-05 14:07:46 Error: [MissingConnectionException] Database connection "Mysql" is missing, or could not be created.
Exception Attributes: array (
  'class' => 'Mysql',
  'message' => 'SQLSTATE[HY000] [1045] Access denied for user \'root\'@\'localhost\' (using password: NO)',
  'enabled' => true,
)
Request URL: /cakephp-blog/users/login
Stack Trace:
#0 C:\xampp\htdocs\cakephp-blog\lib\Cake\Model\Datasource\DboSource.php(278): Mysql->connect()
#1 C:\xampp\htdocs\cakephp-blog\lib\Cake\Model\ConnectionManager.php(105): DboSource->__construct(Array)
#2 C:\xampp\htdocs\cakephp-blog\lib\Cake\Model\Model.php(3659): ConnectionManager::getDataSource('default')
#3 C:\xampp\htdocs\cakephp-blog\lib\Cake\Model\Model.php(1162): Model->setDataSource('default')
#4 C:\xampp\htdocs\cakephp-blog\lib\Cake\Model\Model.php(3686): Model->setSource('users')
#5 C:\xampp\htdocs\cakephp-blog\lib\Cake\Model\Model.php(1394): Model->getDataSource()
#6 C:\xampp\htdocs\cakephp-blog\lib\Cake\View\Helper\FormHelper.php(215): Model->schema()
#7 C:\xampp\htdocs\cakephp-blog\lib\Cake\View\Helper\FormHelper.php(480): FormHelper->_introspectModel('User', 'fields')
#8 C:\xampp\htdocs\cakephp-blog\app\View\Users\login.ctp(9): FormHelper->create('User')
#9 C:\xampp\htdocs\cakephp-blog\lib\Cake\View\View.php(971): include('C:\\xampp\\htdocs...')
#10 C:\xampp\htdocs\cakephp-blog\lib\Cake\View\View.php(933): View->_evaluate('C:\\xampp\\htdocs...', Array)
#11 C:\xampp\htdocs\cakephp-blog\lib\Cake\View\View.php(473): View->_render('C:\\xampp\\htdocs...')
#12 C:\xampp\htdocs\cakephp-blog\lib\Cake\Controller\Controller.php(968): View->render(NULL, NULL)
#13 C:\xampp\htdocs\cakephp-blog\lib\Cake\Routing\Dispatcher.php(200): Controller->render()
#14 C:\xampp\htdocs\cakephp-blog\lib\Cake\Routing\Dispatcher.php(167): Dispatcher->_invoke(Object(UsersController), Object(CakeRequest))
#15 C:\xampp\htdocs\cakephp-blog\app\webroot\index.php(115): Dispatcher->dispatch(Object(CakeRequest), Object(CakeResponse))
#16 {main}
2026-05-05 14:09:21 Error: [MissingControllerException] Controller class MedicosController could not be found.
Exception Attributes: array (
  'class' => 'MedicosController',
  'plugin' => NULL,
)
Request URL: /cakephp-blog/medicos
Stack Trace:
#0 C:\xampp\htdocs\cakephp-blog\app\webroot\index.php(115): Dispatcher->dispatch(Object(CakeRequest), Object(CakeResponse))
#1 {main}
2026-05-05 14:13:53 Error: [MissingViewException] View file "Pacientes\index.ctp" is missing.
Exception Attributes: array (
  'file' => 'Pacientes\\index.ctp',
)
Request URL: /cakephp-blog/pacientes
Stack Trace:
#0 C:\xampp\htdocs\cakephp-blog\lib\Cake\View\View.php(470): View->_getViewFileName('Pacientes\\index')
#1 C:\xampp\htdocs\cakephp-blog\lib\Cake\Controller\Controller.php(968): View->render(NULL, NULL)
#2 C:\xampp\htdocs\cakephp-blog\lib\Cake\Routing\Dispatcher.php(200): Controller->render()
#3 C:\xampp\htdocs\cakephp-blog\lib\Cake\Routing\Dispatcher.php(167): Dispatcher->_invoke(Object(PacientesController), Object(CakeRequest))
#4 C:\xampp\htdocs\cakephp-blog\app\webroot\index.php(115): Dispatcher->dispatch(Object(CakeRequest), Object(CakeResponse))
#5 {main}
2026-05-05 14:55:09 Error: [PDOException] SQLSTATE[22007]: Invalid datetime format: 1292 Incorrect date value: '05/02/2005' for column 'data_nascimento' at row 1
Request URL: /cakephp-blog/pacientes/add
Stack Trace:
#0 C:\xampp\htdocs\cakephp-blog\lib\Cake\Model\Datasource\DboSource.php(502): PDOStatement->execute(Array)
#1 C:\xampp\htdocs\cakephp-blog\lib\Cake\Model\Datasource\DboSource.php(468): DboSource->_execute('INSERT INTO `ca...', Array)
#2 C:\xampp\htdocs\cakephp-blog\lib\Cake\Model\Datasource\DboSource.php(1132): DboSource->execute('INSERT INTO `ca...')
#3 C:\xampp\htdocs\cakephp-blog\lib\Cake\Model\Model.php(1942): DboSource->create(Object(Paciente), Array, Array)
#4 C:\xampp\htdocs\cakephp-blog\lib\Cake\Model\Model.php(1760): Model->_doSave(Array, Array)
#5 C:\xampp\htdocs\cakephp-blog\app\Controller\PacientesController.php(15): Model->save(Array)
#6 [internal function]: PacientesController->add()
#7 C:\xampp\htdocs\cakephp-blog\lib\Cake\Controller\Controller.php(499): ReflectionMethod->invokeArgs(Object(PacientesController), Array)
#8 C:\xampp\htdocs\cakephp-blog\lib\Cake\Routing\Dispatcher.php(193): Controller->invokeAction(Object(CakeRequest))
#9 C:\xampp\htdocs\cakephp-blog\lib\Cake\Routing\Dispatcher.php(167): Dispatcher->_invoke(Object(PacientesController), Object(CakeRequest))
#10 C:\xampp\htdocs\cakephp-blog\app\webroot\index.php(115): Dispatcher->dispatch(Object(CakeRequest), Object(CakeResponse))
#11 {main}
2026-05-05 14:55:54 Error: [PDOException] SQLSTATE[22007]: Invalid datetime format: 1292 Incorrect date value: '05/02/2005' for column 'data_nascimento' at row 1
Request URL: /cakephp-blog/pacientes/add
Stack Trace:
#0 C:\xampp\htdocs\cakephp-blog\lib\Cake\Model\Datasource\DboSource.php(502): PDOStatement->execute(Array)
#1 C:\xampp\htdocs\cakephp-blog\lib\Cake\Model\Datasource\DboSource.php(468): DboSource->_execute('INSERT INTO `ca...', Array)
#2 C:\xampp\htdocs\cakephp-blog\lib\Cake\Model\Datasource\DboSource.php(1132): DboSource->execute('INSERT INTO `ca...')
#3 C:\xampp\htdocs\cakephp-blog\lib\Cake\Model\Model.php(1942): DboSource->create(Object(Paciente), Array, Array)
#4 C:\xampp\htdocs\cakephp-blog\lib\Cake\Model\Model.php(1760): Model->_doSave(Array, Array)
#5 C:\xampp\htdocs\cakephp-blog\app\Controller\PacientesController.php(15): Model->save(Array)
#6 [internal function]: PacientesController->add()
#7 C:\xampp\htdocs\cakephp-blog\lib\Cake\Controller\Controller.php(499): ReflectionMethod->invokeArgs(Object(PacientesController), Array)
#8 C:\xampp\htdocs\cakephp-blog\lib\Cake\Routing\Dispatcher.php(193): Controller->invokeAction(Object(CakeRequest))
#9 C:\xampp\htdocs\cakephp-blog\lib\Cake\Routing\Dispatcher.php(167): Dispatcher->_invoke(Object(PacientesController), Object(CakeRequest))
#10 C:\xampp\htdocs\cakephp-blog\app\webroot\index.php(115): Dispatcher->dispatch(Object(CakeRequest), Object(CakeResponse))
#11 {main}
2026-05-05 14:56:07 Error: [PDOException] SQLSTATE[22007]: Invalid datetime format: 1292 Incorrect date value: '05/02/2005' for column 'data_nascimento' at row 1
Request URL: /cakephp-blog/pacientes/add
Stack Trace:
#0 C:\xampp\htdocs\cakephp-blog\lib\Cake\Model\Datasource\DboSource.php(502): PDOStatement->execute(Array)
#1 C:\xampp\htdocs\cakephp-blog\lib\Cake\Model\Datasource\DboSource.php(468): DboSource->_execute('INSERT INTO `ca...', Array)
#2 C:\xampp\htdocs\cakephp-blog\lib\Cake\Model\Datasource\DboSource.php(1132): DboSource->execute('INSERT INTO `ca...')
#3 C:\xampp\htdocs\cakephp-blog\lib\Cake\Model\Model.php(1942): DboSource->create(Object(Paciente), Array, Array)
#4 C:\xampp\htdocs\cakephp-blog\lib\Cake\Model\Model.php(1760): Model->_doSave(Array, Array)
#5 C:\xampp\htdocs\cakephp-blog\app\Controller\PacientesController.php(15): Model->save(Array)
#6 [internal function]: PacientesController->add()
#7 C:\xampp\htdocs\cakephp-blog\lib\Cake\Controller\Controller.php(499): ReflectionMethod->invokeArgs(Object(PacientesController), Array)
#8 C:\xampp\htdocs\cakephp-blog\lib\Cake\Routing\Dispatcher.php(193): Controller->invokeAction(Object(CakeRequest))
#9 C:\xampp\htdocs\cakephp-blog\lib\Cake\Routing\Dispatcher.php(167): Dispatcher->_invoke(Object(PacientesController), Object(CakeRequest))
#10 C:\xampp\htdocs\cakephp-blog\app\webroot\index.php(115): Dispatcher->dispatch(Object(CakeRequest), Object(CakeResponse))
#11 {main}
2026-05-05 15:02:15 Error: [MissingControllerException] Controller class HomeController could not be found.
Exception Attributes: array (
  'class' => 'HomeController',
  'plugin' => NULL,
)
Request URL: /cakephp-blog/home
Stack Trace:
#0 C:\xampp\htdocs\cakephp-blog\app\webroot\index.php(115): Dispatcher->dispatch(Object(CakeRequest), Object(CakeResponse))
#1 {main}
2026-05-05 15:09:36 Error: [MissingControllerException] Controller class HomeController could not be found.
Exception Attributes: array (
  'class' => 'HomeController',
  'plugin' => NULL,
)
Request URL: /cakephp-blog/home
Stack Trace:
#0 C:\xampp\htdocs\cakephp-blog\app\webroot\index.php(115): Dispatcher->dispatch(Object(CakeRequest), Object(CakeResponse))
#1 {main}
2026-05-05 15:10:04 Error: [MissingControllerException] Controller class HomeController could not be found.
Exception Attributes: array (
  'class' => 'HomeController',
  'plugin' => NULL,
)
Request URL: /cakephp-blog/home
Stack Trace:
#0 C:\xampp\htdocs\cakephp-blog\app\webroot\index.php(115): Dispatcher->dispatch(Object(CakeRequest), Object(CakeResponse))
#1 {main}
2026-05-05 15:18:14 Error: [NotFoundException] Médico inválido
Request URL: /cakephp-blog/medicos/edit
Stack Trace:
#0 [internal function]: MedicosController->edit()
#1 C:\xampp\htdocs\cakephp-blog\lib\Cake\Controller\Controller.php(499): ReflectionMethod->invokeArgs(Object(MedicosController), Array)
#2 C:\xampp\htdocs\cakephp-blog\lib\Cake\Routing\Dispatcher.php(193): Controller->invokeAction(Object(CakeRequest))
#3 C:\xampp\htdocs\cakephp-blog\lib\Cake\Routing\Dispatcher.php(167): Dispatcher->_invoke(Object(MedicosController), Object(CakeRequest))
#4 C:\xampp\htdocs\cakephp-blog\app\webroot\index.php(115): Dispatcher->dispatch(Object(CakeRequest), Object(CakeResponse))
#5 {main}
2026-05-05 15:34:23 Error: [MethodNotAllowedException] Method Not Allowed
Request URL: /cakephp-blog/medicos/delete/2
Stack Trace:
#0 [internal function]: MedicosController->delete('2')
#1 C:\xampp\htdocs\cakephp-blog\lib\Cake\Controller\Controller.php(499): ReflectionMethod->invokeArgs(Object(MedicosController), Array)
#2 C:\xampp\htdocs\cakephp-blog\lib\Cake\Routing\Dispatcher.php(193): Controller->invokeAction(Object(CakeRequest))
#3 C:\xampp\htdocs\cakephp-blog\lib\Cake\Routing\Dispatcher.php(167): Dispatcher->_invoke(Object(MedicosController), Object(CakeRequest))
#4 C:\xampp\htdocs\cakephp-blog\app\webroot\index.php(115): Dispatcher->dispatch(Object(CakeRequest), Object(CakeResponse))
#5 {main}
2026-05-05 15:36:07 Error: [MethodNotAllowedException] Method Not Allowed
Request URL: /cakephp-blog/medicos/delete/2
Stack Trace:
#0 [internal function]: MedicosController->delete('2')
#1 C:\xampp\htdocs\cakephp-blog\lib\Cake\Controller\Controller.php(499): ReflectionMethod->invokeArgs(Object(MedicosController), Array)
#2 C:\xampp\htdocs\cakephp-blog\lib\Cake\Routing\Dispatcher.php(193): Controller->invokeAction(Object(CakeRequest))
#3 C:\xampp\htdocs\cakephp-blog\lib\Cake\Routing\Dispatcher.php(167): Dispatcher->_invoke(Object(MedicosController), Object(CakeRequest))
#4 C:\xampp\htdocs\cakephp-blog\app\webroot\index.php(115): Dispatcher->dispatch(Object(CakeRequest), Object(CakeResponse))
#5 {main}
2026-05-05 15:38:56 Error: [NotFoundException] Paciente inválido
Request URL: /cakephp-blog/pacientes/edit
Stack Trace:
#0 [internal function]: PacientesController->edit()
#1 C:\xampp\htdocs\cakephp-blog\lib\Cake\Controller\Controller.php(499): ReflectionMethod->invokeArgs(Object(PacientesController), Array)
#2 C:\xampp\htdocs\cakephp-blog\lib\Cake\Routing\Dispatcher.php(193): Controller->invokeAction(Object(CakeRequest))
#3 C:\xampp\htdocs\cakephp-blog\lib\Cake\Routing\Dispatcher.php(167): Dispatcher->_invoke(Object(PacientesController), Object(CakeRequest))
#4 C:\xampp\htdocs\cakephp-blog\app\webroot\index.php(115): Dispatcher->dispatch(Object(CakeRequest), Object(CakeResponse))
#5 {main}
2026-05-05 15:45:08 Error: [MethodNotAllowedException] Method Not Allowed
Request URL: /cakephp-blog/pacientes/delete/1
Stack Trace:
#0 [internal function]: PacientesController->delete('1')
#1 C:\xampp\htdocs\cakephp-blog\lib\Cake\Controller\Controller.php(499): ReflectionMethod->invokeArgs(Object(PacientesController), Array)
#2 C:\xampp\htdocs\cakephp-blog\lib\Cake\Routing\Dispatcher.php(193): Controller->invokeAction(Object(CakeRequest))
#3 C:\xampp\htdocs\cakephp-blog\lib\Cake\Routing\Dispatcher.php(167): Dispatcher->_invoke(Object(PacientesController), Object(CakeRequest))
#4 C:\xampp\htdocs\cakephp-blog\app\webroot\index.php(115): Dispatcher->dispatch(Object(CakeRequest), Object(CakeResponse))
#5 {main}
2026-05-05 15:52:14 Error: [MethodNotAllowedException] Method Not Allowed
Request URL: /cakephp-blog/pacientes/delete/1
Stack Trace:
#0 [internal function]: PacientesController->delete('1')
#1 C:\xampp\htdocs\cakephp-blog\lib\Cake\Controller\Controller.php(499): ReflectionMethod->invokeArgs(Object(PacientesController), Array)
#2 C:\xampp\htdocs\cakephp-blog\lib\Cake\Routing\Dispatcher.php(193): Controller->invokeAction(Object(CakeRequest))
#3 C:\xampp\htdocs\cakephp-blog\lib\Cake\Routing\Dispatcher.php(167): Dispatcher->_invoke(Object(PacientesController), Object(CakeRequest))
#4 C:\xampp\htdocs\cakephp-blog\app\webroot\index.php(115): Dispatcher->dispatch(Object(CakeRequest), Object(CakeResponse))
#5 {main}
2026-05-05 15:52:21 Error: [MethodNotAllowedException] Method Not Allowed
Request URL: /cakephp-blog/medicos/delete/1
Stack Trace:
#0 [internal function]: MedicosController->delete('1')
#1 C:\xampp\htdocs\cakephp-blog\lib\Cake\Controller\Controller.php(499): ReflectionMethod->invokeArgs(Object(MedicosController), Array)
#2 C:\xampp\htdocs\cakephp-blog\lib\Cake\Routing\Dispatcher.php(193): Controller->invokeAction(Object(CakeRequest))
#3 C:\xampp\htdocs\cakephp-blog\lib\Cake\Routing\Dispatcher.php(167): Dispatcher->_invoke(Object(MedicosController), Object(CakeRequest))
#4 C:\xampp\htdocs\cakephp-blog\app\webroot\index.php(115): Dispatcher->dispatch(Object(CakeRequest), Object(CakeResponse))
#5 {main}
2026-05-05 15:52:35 Error: [MethodNotAllowedException] Method Not Allowed
Request URL: /cakephp-blog/pacientes/delete/1
Stack Trace:
#0 [internal function]: PacientesController->delete('1')
#1 C:\xampp\htdocs\cakephp-blog\lib\Cake\Controller\Controller.php(499): ReflectionMethod->invokeArgs(Object(PacientesController), Array)
#2 C:\xampp\htdocs\cakephp-blog\lib\Cake\Routing\Dispatcher.php(193): Controller->invokeAction(Object(CakeRequest))
#3 C:\xampp\htdocs\cakephp-blog\lib\Cake\Routing\Dispatcher.php(167): Dispatcher->_invoke(Object(PacientesController), Object(CakeRequest))
#4 C:\xampp\htdocs\cakephp-blog\app\webroot\index.php(115): Dispatcher->dispatch(Object(CakeRequest), Object(CakeResponse))
#5 {main}
2026-05-05 15:53:10 Error: [MethodNotAllowedException] Method Not Allowed
Request URL: /cakephp-blog/pacientes/delete/1
Stack Trace:
#0 [internal function]: PacientesController->delete('1')
#1 C:\xampp\htdocs\cakephp-blog\lib\Cake\Controller\Controller.php(499): ReflectionMethod->invokeArgs(Object(PacientesController), Array)
#2 C:\xampp\htdocs\cakephp-blog\lib\Cake\Routing\Dispatcher.php(193): Controller->invokeAction(Object(CakeRequest))
#3 C:\xampp\htdocs\cakephp-blog\lib\Cake\Routing\Dispatcher.php(167): Dispatcher->_invoke(Object(PacientesController), Object(CakeRequest))
#4 C:\xampp\htdocs\cakephp-blog\app\webroot\index.php(115): Dispatcher->dispatch(Object(CakeRequest), Object(CakeResponse))
#5 {main}
2026-05-05 15:56:43 Error: [MethodNotAllowedException] Method Not Allowed
Request URL: /cakephp-blog/pacientes/delete/1
Stack Trace:
#0 [internal function]: PacientesController->delete('1')
#1 C:\xampp\htdocs\cakephp-blog\lib\Cake\Controller\Controller.php(499): ReflectionMethod->invokeArgs(Object(PacientesController), Array)
#2 C:\xampp\htdocs\cakephp-blog\lib\Cake\Routing\Dispatcher.php(193): Controller->invokeAction(Object(CakeRequest))
#3 C:\xampp\htdocs\cakephp-blog\lib\Cake\Routing\Dispatcher.php(167): Dispatcher->_invoke(Object(PacientesController), Object(CakeRequest))
#4 C:\xampp\htdocs\cakephp-blog\app\webroot\index.php(115): Dispatcher->dispatch(Object(CakeRequest), Object(CakeResponse))
#5 {main}
2026-05-05 15:59:30 Error: [MethodNotAllowedException] Method Not Allowed
Request URL: /cakephp-blog/pacientes/delete/1
Stack Trace:
#0 [internal function]: PacientesController->delete('1')
#1 C:\xampp\htdocs\cakephp-blog\lib\Cake\Controller\Controller.php(499): ReflectionMethod->invokeArgs(Object(PacientesController), Array)
#2 C:\xampp\htdocs\cakephp-blog\lib\Cake\Routing\Dispatcher.php(193): Controller->invokeAction(Object(CakeRequest))
#3 C:\xampp\htdocs\cakephp-blog\lib\Cake\Routing\Dispatcher.php(167): Dispatcher->_invoke(Object(PacientesController), Object(CakeRequest))
#4 C:\xampp\htdocs\cakephp-blog\app\webroot\index.php(115): Dispatcher->dispatch(Object(CakeRequest), Object(CakeResponse))
#5 {main}
2026-05-05 15:59:35 Error: [MethodNotAllowedException] Method Not Allowed
Request URL: /cakephp-blog/pacientes/delete/1
Stack Trace:
#0 [internal function]: PacientesController->delete('1')
#1 C:\xampp\htdocs\cakephp-blog\lib\Cake\Controller\Controller.php(499): ReflectionMethod->invokeArgs(Object(PacientesController), Array)
#2 C:\xampp\htdocs\cakephp-blog\lib\Cake\Routing\Dispatcher.php(193): Controller->invokeAction(Object(CakeRequest))
#3 C:\xampp\htdocs\cakephp-blog\lib\Cake\Routing\Dispatcher.php(167): Dispatcher->_invoke(Object(PacientesController), Object(CakeRequest))
#4 C:\xampp\htdocs\cakephp-blog\app\webroot\index.php(115): Dispatcher->dispatch(Object(CakeRequest), Object(CakeResponse))
#5 {main}
2026-05-05 16:01:59 Error: [MethodNotAllowedException] Method Not Allowed
Request URL: /cakephp-blog/pacientes/delete/1
Stack Trace:
#0 [internal function]: PacientesController->delete('1')
#1 C:\xampp\htdocs\cakephp-blog\lib\Cake\Controller\Controller.php(499): ReflectionMethod->invokeArgs(Object(PacientesController), Array)
#2 C:\xampp\htdocs\cakephp-blog\lib\Cake\Routing\Dispatcher.php(193): Controller->invokeAction(Object(CakeRequest))
#3 C:\xampp\htdocs\cakephp-blog\lib\Cake\Routing\Dispatcher.php(167): Dispatcher->_invoke(Object(PacientesController), Object(CakeRequest))
#4 C:\xampp\htdocs\cakephp-blog\app\webroot\index.php(115): Dispatcher->dispatch(Object(CakeRequest), Object(CakeResponse))
#5 {main}
2026-05-05 16:03:50 Error: [MethodNotAllowedException] Method Not Allowed
Request URL: /cakephp-blog/medicos/delete/1
Stack Trace:
#0 [internal function]: MedicosController->delete('1')
#1 C:\xampp\htdocs\cakephp-blog\lib\Cake\Controller\Controller.php(499): ReflectionMethod->invokeArgs(Object(MedicosController), Array)
#2 C:\xampp\htdocs\cakephp-blog\lib\Cake\Routing\Dispatcher.php(193): Controller->invokeAction(Object(CakeRequest))
#3 C:\xampp\htdocs\cakephp-blog\lib\Cake\Routing\Dispatcher.php(167): Dispatcher->_invoke(Object(MedicosController), Object(CakeRequest))
#4 C:\xampp\htdocs\cakephp-blog\app\webroot\index.php(115): Dispatcher->dispatch(Object(CakeRequest), Object(CakeResponse))
#5 {main}
2026-05-05 16:05:28 Error: [MethodNotAllowedException] Method Not Allowed
Request URL: /cakephp-blog/pacientes/delete/1
Stack Trace:
#0 [internal function]: PacientesController->delete('1')
#1 C:\xampp\htdocs\cakephp-blog\lib\Cake\Controller\Controller.php(499): ReflectionMethod->invokeArgs(Object(PacientesController), Array)
#2 C:\xampp\htdocs\cakephp-blog\lib\Cake\Routing\Dispatcher.php(193): Controller->invokeAction(Object(CakeRequest))
#3 C:\xampp\htdocs\cakephp-blog\lib\Cake\Routing\Dispatcher.php(167): Dispatcher->_invoke(Object(PacientesController), Object(CakeRequest))
#4 C:\xampp\htdocs\cakephp-blog\app\webroot\index.php(115): Dispatcher->dispatch(Object(CakeRequest), Object(CakeResponse))
#5 {main}
2026-05-05 16:08:01 Error: [MethodNotAllowedException] Method Not Allowed
Request URL: /cakephp-blog/pacientes/delete/1
Stack Trace:
#0 [internal function]: PacientesController->delete('1')
#1 C:\xampp\htdocs\cakephp-blog\lib\Cake\Controller\Controller.php(499): ReflectionMethod->invokeArgs(Object(PacientesController), Array)
#2 C:\xampp\htdocs\cakephp-blog\lib\Cake\Routing\Dispatcher.php(193): Controller->invokeAction(Object(CakeRequest))
#3 C:\xampp\htdocs\cakephp-blog\lib\Cake\Routing\Dispatcher.php(167): Dispatcher->_invoke(Object(PacientesController), Object(CakeRequest))
#4 C:\xampp\htdocs\cakephp-blog\app\webroot\index.php(115): Dispatcher->dispatch(Object(CakeRequest), Object(CakeResponse))
#5 {main}
2026-05-05 16:13:10 Error: [MethodNotAllowedException] Method Not Allowed
Request URL: /cakephp-blog/pacientes/delete/1
Stack Trace:
#0 [internal function]: PacientesController->delete('1')
#1 C:\xampp\htdocs\cakephp-blog\lib\Cake\Controller\Controller.php(499): ReflectionMethod->invokeArgs(Object(PacientesController), Array)
#2 C:\xampp\htdocs\cakephp-blog\lib\Cake\Routing\Dispatcher.php(193): Controller->invokeAction(Object(CakeRequest))
#3 C:\xampp\htdocs\cakephp-blog\lib\Cake\Routing\Dispatcher.php(167): Dispatcher->_invoke(Object(PacientesController), Object(CakeRequest))
#4 C:\xampp\htdocs\cakephp-blog\app\webroot\index.php(115): Dispatcher->dispatch(Object(CakeRequest), Object(CakeResponse))
#5 {main}
2026-05-05 16:18:49 Error: [MethodNotAllowedException] Method Not Allowed
Request URL: /cakephp-blog/pacientes/delete/1
Stack Trace:
#0 [internal function]: PacientesController->delete('1')
#1 C:\xampp\htdocs\cakephp-blog\lib\Cake\Controller\Controller.php(499): ReflectionMethod->invokeArgs(Object(PacientesController), Array)
#2 C:\xampp\htdocs\cakephp-blog\lib\Cake\Routing\Dispatcher.php(193): Controller->invokeAction(Object(CakeRequest))
#3 C:\xampp\htdocs\cakephp-blog\lib\Cake\Routing\Dispatcher.php(167): Dispatcher->_invoke(Object(PacientesController), Object(CakeRequest))
#4 C:\xampp\htdocs\cakephp-blog\app\webroot\index.php(115): Dispatcher->dispatch(Object(CakeRequest), Object(CakeResponse))
#5 {main}
2026-05-05 16:18:57 Error: [MethodNotAllowedException] Method Not Allowed
Request URL: /cakephp-blog/medicos/delete/1
Stack Trace:
#0 [internal function]: MedicosController->delete('1')
#1 C:\xampp\htdocs\cakephp-blog\lib\Cake\Controller\Controller.php(499): ReflectionMethod->invokeArgs(Object(MedicosController), Array)
#2 C:\xampp\htdocs\cakephp-blog\lib\Cake\Routing\Dispatcher.php(193): Controller->invokeAction(Object(CakeRequest))
#3 C:\xampp\htdocs\cakephp-blog\lib\Cake\Routing\Dispatcher.php(167): Dispatcher->_invoke(Object(MedicosController), Object(CakeRequest))
#4 C:\xampp\htdocs\cakephp-blog\app\webroot\index.php(115): Dispatcher->dispatch(Object(CakeRequest), Object(CakeResponse))
#5 {main}
2026-05-05 16:20:03 Error: [MethodNotAllowedException] Method Not Allowed
Request URL: /cakephp-blog/pacientes/delete/1
Stack Trace:
#0 [internal function]: PacientesController->delete('1')
#1 C:\xampp\htdocs\cakephp-blog\lib\Cake\Controller\Controller.php(499): ReflectionMethod->invokeArgs(Object(PacientesController), Array)
#2 C:\xampp\htdocs\cakephp-blog\lib\Cake\Routing\Dispatcher.php(193): Controller->invokeAction(Object(CakeRequest))
#3 C:\xampp\htdocs\cakephp-blog\lib\Cake\Routing\Dispatcher.php(167): Dispatcher->_invoke(Object(PacientesController), Object(CakeRequest))
#4 C:\xampp\htdocs\cakephp-blog\app\webroot\index.php(115): Dispatcher->dispatch(Object(CakeRequest), Object(CakeResponse))
#5 {main}
2026-05-05 16:20:10 Error: [MethodNotAllowedException] Method Not Allowed
Request URL: /cakephp-blog/pacientes/delete/1
Stack Trace:
#0 [internal function]: PacientesController->delete('1')
#1 C:\xampp\htdocs\cakephp-blog\lib\Cake\Controller\Controller.php(499): ReflectionMethod->invokeArgs(Object(PacientesController), Array)
#2 C:\xampp\htdocs\cakephp-blog\lib\Cake\Routing\Dispatcher.php(193): Controller->invokeAction(Object(CakeRequest))
#3 C:\xampp\htdocs\cakephp-blog\lib\Cake\Routing\Dispatcher.php(167): Dispatcher->_invoke(Object(PacientesController), Object(CakeRequest))
#4 C:\xampp\htdocs\cakephp-blog\app\webroot\index.php(115): Dispatcher->dispatch(Object(CakeRequest), Object(CakeResponse))
#5 {main}
2026-05-05 16:21:23 Error: [MethodNotAllowedException] Method Not Allowed
Request URL: /cakephp-blog/pacientes/delete/1
Stack Trace:
#0 [internal function]: PacientesController->delete('1')
#1 C:\xampp\htdocs\cakephp-blog\lib\Cake\Controller\Controller.php(499): ReflectionMethod->invokeArgs(Object(PacientesController), Array)
#2 C:\xampp\htdocs\cakephp-blog\lib\Cake\Routing\Dispatcher.php(193): Controller->invokeAction(Object(CakeRequest))
#3 C:\xampp\htdocs\cakephp-blog\lib\Cake\Routing\Dispatcher.php(167): Dispatcher->_invoke(Object(PacientesController), Object(CakeRequest))
#4 C:\xampp\htdocs\cakephp-blog\app\webroot\index.php(115): Dispatcher->dispatch(Object(CakeRequest), Object(CakeResponse))
#5 {main}
2026-05-05 16:23:41 Error: [MethodNotAllowedException] Method Not Allowed
Request URL: /cakephp-blog/pacientes/delete/1
Stack Trace:
#0 [internal function]: PacientesController->delete('1')
#1 C:\xampp\htdocs\cakephp-blog\lib\Cake\Controller\Controller.php(499): ReflectionMethod->invokeArgs(Object(PacientesController), Array)
#2 C:\xampp\htdocs\cakephp-blog\lib\Cake\Routing\Dispatcher.php(193): Controller->invokeAction(Object(CakeRequest))
#3 C:\xampp\htdocs\cakephp-blog\lib\Cake\Routing\Dispatcher.php(167): Dispatcher->_invoke(Object(PacientesController), Object(CakeRequest))
#4 C:\xampp\htdocs\cakephp-blog\app\webroot\index.php(115): Dispatcher->dispatch(Object(CakeRequest), Object(CakeResponse))
#5 {main}
2026-05-05 16:25:38 Error: [MethodNotAllowedException] Method Not Allowed
Request URL: /cakephp-blog/pacientes/delete/1
Stack Trace:
#0 [internal function]: PacientesController->delete('1')
#1 C:\xampp\htdocs\cakephp-blog\lib\Cake\Controller\Controller.php(499): ReflectionMethod->invokeArgs(Object(PacientesController), Array)
#2 C:\xampp\htdocs\cakephp-blog\lib\Cake\Routing\Dispatcher.php(193): Controller->invokeAction(Object(CakeRequest))
#3 C:\xampp\htdocs\cakephp-blog\lib\Cake\Routing\Dispatcher.php(167): Dispatcher->_invoke(Object(PacientesController), Object(CakeRequest))
#4 C:\xampp\htdocs\cakephp-blog\app\webroot\index.php(115): Dispatcher->dispatch(Object(CakeRequest), Object(CakeResponse))
#5 {main}
2026-05-05 16:25:43 Error: [MethodNotAllowedException] Method Not Allowed
Request URL: /cakephp-blog/pacientes/delete/1
Stack Trace:
#0 [internal function]: PacientesController->delete('1')
#1 C:\xampp\htdocs\cakephp-blog\lib\Cake\Controller\Controller.php(499): ReflectionMethod->invokeArgs(Object(PacientesController), Array)
#2 C:\xampp\htdocs\cakephp-blog\lib\Cake\Routing\Dispatcher.php(193): Controller->invokeAction(Object(CakeRequest))
#3 C:\xampp\htdocs\cakephp-blog\lib\Cake\Routing\Dispatcher.php(167): Dispatcher->_invoke(Object(PacientesController), Object(CakeRequest))
#4 C:\xampp\htdocs\cakephp-blog\app\webroot\index.php(115): Dispatcher->dispatch(Object(CakeRequest), Object(CakeResponse))
#5 {main}
2026-05-05 16:29:28 Error: [MethodNotAllowedException] Method Not Allowed
Request URL: /cakephp-blog/pacientes/delete/1
Stack Trace:
#0 [internal function]: PacientesController->delete('1')
#1 C:\xampp\htdocs\cakephp-blog\lib\Cake\Controller\Controller.php(499): ReflectionMethod->invokeArgs(Object(PacientesController), Array)
#2 C:\xampp\htdocs\cakephp-blog\lib\Cake\Routing\Dispatcher.php(193): Controller->invokeAction(Object(CakeRequest))
#3 C:\xampp\htdocs\cakephp-blog\lib\Cake\Routing\Dispatcher.php(167): Dispatcher->_invoke(Object(PacientesController), Object(CakeRequest))
#4 C:\xampp\htdocs\cakephp-blog\app\webroot\index.php(115): Dispatcher->dispatch(Object(CakeRequest), Object(CakeResponse))
#5 {main}
2026-05-05 16:32:06 Error: [MissingControllerException] Controller class DeleteController could not be found.
Exception Attributes: array (
  'class' => 'DeleteController',
  'plugin' => NULL,
)
Request URL: /cakephp-blog/delete
Stack Trace:
#0 C:\xampp\htdocs\cakephp-blog\app\webroot\index.php(115): Dispatcher->dispatch(Object(CakeRequest), Object(CakeResponse))
#1 {main}
2026-05-05 16:32:21 Error: [MissingControllerException] Controller class DeleteController could not be found.
Exception Attributes: array (
  'class' => 'DeleteController',
  'plugin' => NULL,
)
Request URL: /cakephp-blog/delete
Stack Trace:
#0 C:\xampp\htdocs\cakephp-blog\app\webroot\index.php(115): Dispatcher->dispatch(Object(CakeRequest), Object(CakeResponse))
#1 {main}
2026-05-05 16:34:03 Error: [MissingControllerException] Controller class DeleteController could not be found.
Exception Attributes: array (
  'class' => 'DeleteController',
  'plugin' => NULL,
)
Request URL: /cakephp-blog/delete
Stack Trace:
#0 C:\xampp\htdocs\cakephp-blog\app\webroot\index.php(115): Dispatcher->dispatch(Object(CakeRequest), Object(CakeResponse))
#1 {main}
2026-05-05 16:41:38 Error: [CakeException] The "script" block was left open. Blocks are not allowed to cross files.
Request URL: /cakephp-blog/home
Stack Trace:
#0 C:\xampp\htdocs\cakephp-blog\lib\Cake\View\View.php(473): View->_render('C:\\xampp\\htdocs...')
#1 C:\xampp\htdocs\cakephp-blog\lib\Cake\Controller\Controller.php(968): View->render(NULL, NULL)
#2 C:\xampp\htdocs\cakephp-blog\lib\Cake\Routing\Dispatcher.php(200): Controller->render()
#3 C:\xampp\htdocs\cakephp-blog\lib\Cake\Routing\Dispatcher.php(167): Dispatcher->_invoke(Object(HomeController), Object(CakeRequest))
#4 C:\xampp\htdocs\cakephp-blog\app\webroot\index.php(115): Dispatcher->dispatch(Object(CakeRequest), Object(CakeResponse))
#5 {main}
2026-05-05 16:49:04 Error: [MethodNotAllowedException] Method Not Allowed
Request URL: /cakephp-blog/medicos/delete/1
Stack Trace:
#0 [internal function]: MedicosController->delete('1')
#1 C:\xampp\htdocs\cakephp-blog\lib\Cake\Controller\Controller.php(499): ReflectionMethod->invokeArgs(Object(MedicosController), Array)
#2 C:\xampp\htdocs\cakephp-blog\lib\Cake\Routing\Dispatcher.php(193): Controller->invokeAction(Object(CakeRequest))
#3 C:\xampp\htdocs\cakephp-blog\lib\Cake\Routing\Dispatcher.php(167): Dispatcher->_invoke(Object(MedicosController), Object(CakeRequest))
#4 C:\xampp\htdocs\cakephp-blog\app\webroot\index.php(115): Dispatcher->dispatch(Object(CakeRequest), Object(CakeResponse))
#5 {main}
